101.32.26.253 - - [10/Aug/2021:01:32:43 +0500] "GET /wp-login.php HTTP/1.0" 200 5417 "-" "Mozilla/5.0 (X11; Ubuntu; Linux x86_64; rv:62.0) Gecko/20100101 Firefox/62.0"
101.32.26.253 - - [10/Aug/2021:01:32:45 +0500] "POST /wp-login.php HTTP/1.0" 200 5824 "-" "Mozilla/5.0 (X11; Ubuntu; Linux x86_64; rv:62.0) Gecko/20100101 Firefox/62.0"
101.32.26.253 - - [10/Aug/2021:01:32:45 +0500] "POST /xmlrpc.php HTTP/1.0" 403 1270 "-" "Mozilla/5.0 (X11; Ubuntu; Linux x86_64; rv:62.0) Gecko/20100101 Firefox/62.0"
91.212.89.68 - - [10/Aug/2021:01:51:20 +0500] "POST /wp-cron.php?doing_wp_cron=1628542280.5040569305419921875000 HTTP/1.0" 200 176 "http://qttsm.uz/wp-cron.php?doing_wp_cron=1628542280.5040569305419921875000" "WordPress/5.4.1; http://qttsm.uz"
54.36.149.44 - - [10/Aug/2021:01:51:19 +0500] "GET /ru/%D1%86%D0%B5%D0%BB%D0%B8-%D0%B2-%D0%BE%D0%B1%D0%BB%D0%B0%D1%81%D1%82%D0%B8-%D0%BA%D0%B0%D1%87%D0%B5%D1%81%D1%82%D0%B2%D0%B0/ HTTP/1.0" 200 49761 "-" "Mozilla/5.0 (compatible; AhrefsBot/7.0; +http://ahrefs.com/robot/)"
212.48.85.60 - - [10/Aug/2021:01:51:27 +0500] "GET /wp-login.php HTTP/1.0" 200 5417 "-" "Mozilla/5.0 (X11; Ubuntu; Linux x86_64; rv:62.0) Gecko/20100101 Firefox/62.0"
212.48.85.60 - - [10/Aug/2021:01:51:27 +0500] "POST /wp-login.php HTTP/1.0" 200 5824 "-" "Mozilla/5.0 (X11; Ubuntu; Linux x86_64; rv:62.0) Gecko/20100101 Firefox/62.0"
212.48.85.60 - - [10/Aug/2021:01:51:27 +0500] "POST /xmlrpc.php HTTP/1.0" 403 1270 "-" "Mozilla/5.0 (X11; Ubuntu; Linux x86_64; rv:62.0) Gecko/20100101 Firefox/62.0"
114.119.128.20 - - [10/Aug/2021:01:53:41 +0500] "GET /wp-content/uploads/2021/02/%D0%AD%D1%80%D0%BA%D0%B5%D0%B1%D0%B0%D0%B9%D0%B5%D0%B2-%D0%A5%D0%BE%D0%B6%D0%B8%D0%B0%D0%BA%D0%B1%D0%B0%D1%80-%D0%BC%D1%83%D0%B2%D0%BE%D1%84%D0%B8%D2%9B%D0%BB%D0%B8%D0%BA-%D1%81%D0%B5%D1%80%D1%82%D0%B8%D1%84%D0%B8%D0%BA%D0%B0%D1%82%D0%B8.pdf HTTP/1.0" 200 328 "-" "Mozilla/5.0 (Linux; Android 7.0;) AppleWebKit/537.36 (KHTML, like Gecko) Mobile Safari/537.36 (compatible; PetalBot;+https://webmaster.petalsearch.com/site/petalbot)"
213.180.203.137 - - [10/Aug/2021:02:01:58 +0500] "GET /robots.txt HTTP/1.0" 200 1964 "-" "Mozilla/5.0 (compatible; YandexBot/3.0; +http://yandex.com/bots)"
5.255.253.85 - - [10/Aug/2021:02:02:02 +0500] "GET / HTTP/1.0" 200 63524 "-" "Mozilla/5.0 (compatible; YandexBot/3.0; +http://yandex.com/bots)"
178.18.135.14 - - [10/Aug/2021:02:11:02 +0500] "GET /wp-login.php HTTP/1.0" 200 5417 "-" "Mozilla/5.0 (X11; Ubuntu; Linux x86_64; rv:62.0) Gecko/20100101 Firefox/62.0"
178.18.135.14 - - [10/Aug/2021:02:11:04 +0500] "POST /wp-login.php HTTP/1.0" 200 5824 "-" "Mozilla/5.0 (X11; Ubuntu; Linux x86_64; rv:62.0) Gecko/20100101 Firefox/62.0"
178.18.135.14 - - [10/Aug/2021:02:11:04 +0500] "POST /xmlrpc.php HTTP/1.0" 403 1270 "-" "Mozilla/5.0 (X11; Ubuntu; Linux x86_64; rv:62.0) Gecko/20100101 Firefox/62.0"
114.119.156.247 - - [10/Aug/2021:02:19:22 +0500] "GET /en/tractor/ HTTP/1.0" 200 60880 "-" "Mozilla/5.0 (Linux; Android 7.0;) AppleWebKit/537.36 (KHTML, like Gecko) Mobile Safari/537.36 (compatible; PetalBot;+https://webmaster.petalsearch.com/site/petalbot)"
198.251.81.188 - - [10/Aug/2021:02:29:56 +0500] "GET /wp-login.php HTTP/1.0" 200 5417 "-" "Mozilla/5.0 (X11; Ubuntu; Linux x86_64; rv:62.0) Gecko/20100101 Firefox/62.0"
198.251.81.188 - - [10/Aug/2021:02:29:58 +0500] "POST /wp-login.php HTTP/1.0" 200 5824 "-" "Mozilla/5.0 (X11; Ubuntu; Linux x86_64; rv:62.0) Gecko/20100101 Firefox/62.0"
198.251.81.188 - - [10/Aug/2021:02:30:00 +0500] "POST /xmlrpc.php HTTP/1.0" 403 1270 "-" "Mozilla/5.0 (X11; Ubuntu; Linux x86_64; rv:62.0) Gecko/20100101 Firefox/62.0"
114.119.133.42 - - [10/Aug/2021:02:30:01 +0500] "GET /ru/%d1%82%d1%80%d0%b0%d0%ba%d1%82%d0%be%d1%80%d1%8b-%d0%b8%d1%81%d0%bf%d0%be%d0%bb%d1%8c%d0%b7%d1%83%d0%b5%d0%bc%d1%8b%d0%b5-%d0%b2-%d0%bc%d1%82%d0%bf-2/ HTTP/1.0" 200 50657 "-" "Mozilla/5.0 (Linux; Android 7.0;) AppleWebKit/537.36 (KHTML, like Gecko) Mobile Safari/537.36 (compatible; PetalBot;+https://webmaster.petalsearch.com/site/petalbot)"
114.119.129.107 - - [10/Aug/2021:02:40:25 +0500] "GET /%d1%81%d0%b8%d0%bd%d0%be%d0%b2-%d0%bc%d0%b0%d2%9b%d1%81%d0%b0%d0%b4%d0%b8/ HTTP/1.0" 200 54988 "-" "Mozilla/5.0 (Linux; Android 7.0;) AppleWebKit/537.36 (KHTML, like Gecko) Mobile Safari/537.36 (compatible; PetalBot;+https://webmaster.petalsearch.com/site/petalbot)"
165.22.9.219 - - [10/Aug/2021:02:50:10 +0500] "GET /wp-login.php HTTP/1.0" 200 5417 "-" "Mozilla/5.0 (X11; Ubuntu; Linux x86_64; rv:62.0) Gecko/20100101 Firefox/62.0"
91.212.89.68 - - [10/Aug/2021:02:50:12 +0500] "POST /wp-cron.php?doing_wp_cron=1628545811.9942541122436523437500 HTTP/1.0" 200 176 "http://qttsm.uz/wp-cron.php?doing_wp_cron=1628545811.9942541122436523437500" "WordPress/5.4.1; http://qttsm.uz"
165.22.9.219 - - [10/Aug/2021:02:50:15 +0500] "POST /wp-login.php HTTP/1.0" 200 5824 "-" "Mozilla/5.0 (X11; Ubuntu; Linux x86_64; rv:62.0) Gecko/20100101 Firefox/62.0"
165.22.9.219 - - [10/Aug/2021:02:50:16 +0500] "POST /xmlrpc.php HTTP/1.0" 403 1270 "-" "Mozilla/5.0 (X11; Ubuntu; Linux x86_64; rv:62.0) Gecko/20100101 Firefox/62.0"
114.119.133.42 - - [10/Aug/2021:02:51:30 +0500] "GET /en/laboratory-departments/ HTTP/1.0" 200 99673 "-" "Mozilla/5.0 (Linux; Android 7.0;) AppleWebKit/537.36 (KHTML, like Gecko) Mobile Safari/537.36 (compatible; PetalBot;+https://webmaster.petalsearch.com/site/petalbot)"
144.86.173.88 - - [10/Aug/2021:02:54:16 +0500] "GET / HTTP/1.0" 200 63524 "-" "Expanse, a Palo Alto Networks company, searches across the global IPv4 space multiple times per day to identify customers&#39; presences on the Internet. If you would like to be excluded from our scans, please send IP addresses/domains to: scaninfo@paloaltonetworks.com"
114.119.155.42 - - [10/Aug/2021:03:02:32 +0500] "GET /wp-content/uploads/2021/02/%D0%A2%D0%B5%D0%BC%D0%B8%D1%80%D0%BE%D0%B2-%D0%94%D0%B6%D0%B0%D0%BC%D0%B0%D0%BB%D0%B8%D0%B4%D0%B4%D0%B8%D0%BD.-Oz-DSt-17025-2020-%D0%B0%D1%81%D0%BE%D1%81%D0%B8%D0%B4%D0%B0-%D0%B1%D0%B0%D2%B3%D0%BE%D0%BB%D0%B0%D1%88.pdf HTTP/1.0" 200 333 "-" "Mozilla/5.0 (Linux; Android 7.0;) AppleWebKit/537.36 (KHTML, like Gecko) Mobile Safari/537.36 (compatible; PetalBot;+https://webmaster.petalsearch.com/site/petalbot)"
77.68.17.32 - - [10/Aug/2021:03:09:32 +0500] "GET /wp-login.php HTTP/1.0" 200 5417 "-" "Mozilla/5.0 (X11; Ubuntu; Linux x86_64; rv:62.0) Gecko/20100101 Firefox/62.0"
77.68.17.32 - - [10/Aug/2021:03:09:33 +0500] "POST /wp-login.php HTTP/1.0" 200 5824 "-" "Mozilla/5.0 (X11; Ubuntu; Linux x86_64; rv:62.0) Gecko/20100101 Firefox/62.0"
77.68.17.32 - - [10/Aug/2021:03:09:34 +0500] "POST /xmlrpc.php HTTP/1.0" 403 1270 "-" "Mozilla/5.0 (X11; Ubuntu; Linux x86_64; rv:62.0) Gecko/20100101 Firefox/62.0"
114.119.142.186 - - [10/Aug/2021:03:12:43 +0500] "GET /wp-content/uploads/2020/11/%D0%AD%D0%BA%D1%81%D0%BF%D0%BB%D1%83%D0%B0%D1%82%D0%B0%D1%86%D0%B8%D0%BE%D0%BD%D0%BD%D0%BE-%D1%82%D0%B5%D1%85%D0%BD%D0%BE%D0%BB%D0%BE%D0%B3%D0%B8%D1%87%D0%B5%D1%81%D0%BA%D0%B0%D1%8F-%D0%BE%D1%86%D0%B5%D0%BD%D0%BA%D0%B0.pdf HTTP/1.0" 200 321 "-" "Mozilla/5.0 (Linux; Android 7.0;) AppleWebKit/537.36 (KHTML, like Gecko) Mobile Safari/537.36 (compatible; PetalBot;+https://webmaster.petalsearch.com/site/petalbot)"
114.119.140.172 - - [10/Aug/2021:03:23:39 +0500] "GET /wp-content/uploads/2020/12/%D0%A2%D1%9E%D0%B9%D1%87%D0%B8%D0%B5%D0%B2-%D0%AD%D0%BB%D0%B9%D0%BE%D1%80.pdf HTTP/1.0" 200 272 "-" "Mozilla/5.0 (Linux; Android 7.0;) AppleWebKit/537.36 (KHTML, like Gecko) Mobile Safari/537.36 (compatible; PetalBot;+https://webmaster.petalsearch.com/site/petalbot)"
36.89.251.105 - - [10/Aug/2021:03:31:03 +0500] "GET /wp-login.php HTTP/1.0" 200 5417 "-" "Mozilla/5.0 (X11; Ubuntu; Linux x86_64; rv:62.0) Gecko/20100101 Firefox/62.0"
36.89.251.105 - - [10/Aug/2021:03:31:05 +0500] "POST /wp-login.php HTTP/1.0" 200 5824 "-" "Mozilla/5.0 (X11; Ubuntu; Linux x86_64; rv:62.0) Gecko/20100101 Firefox/62.0"
36.89.251.105 - - [10/Aug/2021:03:31:07 +0500] "POST /xmlrpc.php HTTP/1.0" 403 1270 "-" "Mozilla/5.0 (X11; Ubuntu; Linux x86_64; rv:62.0) Gecko/20100101 Firefox/62.0"
54.36.149.44 - - [10/Aug/2021:03:31:30 +0500] "GET / HTTP/1.0" 200 63524 "-" "Mozilla/5.0 (compatible; AhrefsBot/7.0; +http://ahrefs.com/robot/)"
114.119.156.247 - - [10/Aug/2021:03:34:49 +0500] "GET /wp-content/uploads/2020/11/%D0%9F%D0%B5%D1%80%D0%B5%D1%87%D0%B5%D0%BD%D1%8C-%D1%81%D1%80%D0%B5%D0%B4%D1%81%D1%82%D0%B2-%D0%B8%D0%B7%D0%BC%D0%B5%D1%80%D0%B5%D0%BD%D0%B8%D0%B9-%D0%B2-%D0%BB%D0%B0%D0%B1%D0%BE%D1%80%D0%B0%D1%82%D0%BE%D1%80%D0%B8%D0%A0%D0%BE%D0%B7%D0%B8%D1%85-%D0%B0%D0%BA%D0%B0-%D0%B8%D0%B8-2020-%D0%B3.pdf HTTP/1.0" 200 351 "-" "Mozilla/5.0 (Linux; Android 7.0;) AppleWebKit/537.36 (KHTML, like Gecko) Mobile Safari/537.36 (compatible; PetalBot;+https://webmaster.petalsearch.com/site/petalbot)"
114.119.128.20 - - [10/Aug/2021:03:45:28 +0500] "GET /wp-content/uploads/2021/02/%D0%AD%D1%88%D2%9B%D0%BE%D0%B1%D0%B8%D0%BB%D0%BE%D0%B2-%D0%9B%D0%BE%D1%87%D0%B8%D0%BD-%D0%BC%D1%83%D0%B2%D0%BE%D1%84%D0%B8%D2%9B%D0%BB%D0%B8%D0%BA-%D1%81%D0%B5%D1%80%D1%82%D0%B8%D1%84%D0%B8%D0%BA%D0%B0%D1%82%D0%B8.pdf HTTP/1.0" 200 320 "-" "Mozilla/5.0 (Linux; Android 7.0;) AppleWebKit/537.36 (KHTML, like Gecko) Mobile Safari/537.36 (compatible; PetalBot;+https://webmaster.petalsearch.com/site/petalbot)"
134.209.29.49 - - [10/Aug/2021:03:49:36 +0500] "GET /wp-login.php HTTP/1.0" 200 5417 "-" "Mozilla/5.0 (X11; Ubuntu; Linux x86_64; rv:62.0) Gecko/20100101 Firefox/62.0"
91.212.89.68 - - [10/Aug/2021:03:49:37 +0500] "POST /wp-cron.php?doing_wp_cron=1628549377.4942851066589355468750 HTTP/1.0" 200 176 "http://qttsm.uz/wp-cron.php?doing_wp_cron=1628549377.4942851066589355468750" "WordPress/5.4.1; http://qttsm.uz"
134.209.29.49 - - [10/Aug/2021:03:49:39 +0500] "POST /wp-login.php HTTP/1.0" 200 5824 "-" "Mozilla/5.0 (X11; Ubuntu; Linux x86_64; rv:62.0) Gecko/20100101 Firefox/62.0"
134.209.29.49 - - [10/Aug/2021:03:49:40 +0500] "POST /xmlrpc.php HTTP/1.0" 403 1270 "-" "Mozilla/5.0 (X11; Ubuntu; Linux x86_64; rv:62.0) Gecko/20100101 Firefox/62.0"
130.185.78.136 - - [10/Aug/2021:04:08:47 +0500] "POST /wp-login.php HTTP/1.0" 200 5727 "-" "Mozilla/5.0 (X11; Ubuntu; Linux x86_64; rv:62.0) Gecko/20100101 Firefox/62.0"
130.185.78.136 - - [10/Aug/2021:04:08:50 +0500] "POST /xmlrpc.php HTTP/1.0" 403 1270 "-" "Mozilla/5.0 (X11; Ubuntu; Linux x86_64; rv:62.0) Gecko/20100101 Firefox/62.0"
114.119.128.20 - - [10/Aug/2021:01:53:42 +0500] "GET /wp-content/uploads/2021/02/%D0%AD%D1%80%D0%BA%D0%B5%D0%B1%D0%B0%D0%B9%D0%B5%D0%B2-%D0%A5%D0%BE%D0%B6%D0%B8%D0%B0%D0%BA%D0%B1%D0%B0%D1%80-%D0%BC%D1%83%D0%B2%D0%BE%D1%84%D0%B8%D2%9B%D0%BB%D0%B8%D0%BA-%D1%81%D0%B5%D1%80%D1%82%D0%B8%D1%84%D0%B8%D0%BA%D0%B0%D1%82%D0%B8.pdf HTTP/1.1" 200 156752 "-" "Mozilla/5.0 (Linux; Android 7.0;) AppleWebKit/537.36 (KHTML, like Gecko) Mobile Safari/537.36 (compatible; PetalBot;+https://webmaster.petalsearch.com/site/petalbot)"
114.119.155.42 - - [10/Aug/2021:03:02:34 +0500] "GET /wp-content/uploads/2021/02/%D0%A2%D0%B5%D0%BC%D0%B8%D1%80%D0%BE%D0%B2-%D0%94%D0%B6%D0%B0%D0%BC%D0%B0%D0%BB%D0%B8%D0%B4%D0%B4%D0%B8%D0%BD.-Oz-DSt-17025-2020-%D0%B0%D1%81%D0%BE%D1%81%D0%B8%D0%B4%D0%B0-%D0%B1%D0%B0%D2%B3%D0%BE%D0%BB%D0%B0%D1%88.pdf HTTP/1.1" 200 1231089 "-" "Mozilla/5.0 (Linux; Android 7.0;) AppleWebKit/537.36 (KHTML, like Gecko) Mobile Safari/537.36 (compatible; PetalBot;+https://webmaster.petalsearch.com/site/petalbot)"
114.119.142.186 - - [10/Aug/2021:03:12:44 +0500] "GET /wp-content/uploads/2020/11/%D0%AD%D0%BA%D1%81%D0%BF%D0%BB%D1%83%D0%B0%D1%82%D0%B0%D1%86%D0%B8%D0%BE%D0%BD%D0%BD%D0%BE-%D1%82%D0%B5%D1%85%D0%BD%D0%BE%D0%BB%D0%BE%D0%B3%D0%B8%D1%87%D0%B5%D1%81%D0%BA%D0%B0%D1%8F-%D0%BE%D1%86%D0%B5%D0%BD%D0%BA%D0%B0.pdf HTTP/1.1" 200 434370 "-" "Mozilla/5.0 (Linux; Android 7.0;) AppleWebKit/537.36 (KHTML, like Gecko) Mobile Safari/537.36 (compatible; PetalBot;+https://webmaster.petalsearch.com/site/petalbot)"
114.119.140.172 - - [10/Aug/2021:03:23:40 +0500] "GET /wp-content/uploads/2020/12/%D0%A2%D1%9E%D0%B9%D1%87%D0%B8%D0%B5%D0%B2-%D0%AD%D0%BB%D0%B9%D0%BE%D1%80.pdf HTTP/1.1" 200 227640 "-" "Mozilla/5.0 (Linux; Android 7.0;) AppleWebKit/537.36 (KHTML, like Gecko) Mobile Safari/537.36 (compatible; PetalBot;+https://webmaster.petalsearch.com/site/petalbot)"
114.119.156.247 - - [10/Aug/2021:03:34:50 +0500] "GET /wp-content/uploads/2020/11/%D0%9F%D0%B5%D1%80%D0%B5%D1%87%D0%B5%D0%BD%D1%8C-%D1%81%D1%80%D0%B5%D0%B4%D1%81%D1%82%D0%B2-%D0%B8%D0%B7%D0%BC%D0%B5%D1%80%D0%B5%D0%BD%D0%B8%D0%B9-%D0%B2-%D0%BB%D0%B0%D0%B1%D0%BE%D1%80%D0%B0%D1%82%D0%BE%D1%80%D0%B8%D0%A0%D0%BE%D0%B7%D0%B8%D1%85-%D0%B0%D0%BA%D0%B0-%D0%B8%D0%B8-2020-%D0%B3.pdf HTTP/1.1" 200 395931 "-" "Mozilla/5.0 (Linux; Android 7.0;) AppleWebKit/537.36 (KHTML, like Gecko) Mobile Safari/537.36 (compatible; PetalBot;+https://webmaster.petalsearch.com/site/petalbot)"
114.119.128.20 - - [10/Aug/2021:03:45:29 +0500] "GET /wp-content/uploads/2021/02/%D0%AD%D1%88%D2%9B%D0%BE%D0%B1%D0%B8%D0%BB%D0%BE%D0%B2-%D0%9B%D0%BE%D1%87%D0%B8%D0%BD-%D0%BC%D1%83%D0%B2%D0%BE%D1%84%D0%B8%D2%9B%D0%BB%D0%B8%D0%BA-%D1%81%D0%B5%D1%80%D1%82%D0%B8%D1%84%D0%B8%D0%BA%D0%B0%D1%82%D0%B8.pdf HTTP/1.1" 200 233479 "-" "Mozilla/5.0 (Linux; Android 7.0;) AppleWebKit/537.36 (KHTML, like Gecko) Mobile Safari/537.36 (compatible; PetalBot;+https://webmaster.petalsearch.com/site/petalbot)"
212.83.188.138 - - [10/Aug/2021:04:30:39 +0500] "GET /wp-login.php HTTP/1.0" 200 5417 "-" "Mozilla/5.0 (X11; Ubuntu; Linux x86_64; rv:62.0) Gecko/20100101 Firefox/62.0"
212.83.188.138 - - [10/Aug/2021:04:30:41 +0500] "POST /wp-login.php HTTP/1.0" 200 5824 "-" "Mozilla/5.0 (X11; Ubuntu; Linux x86_64; rv:62.0) Gecko/20100101 Firefox/62.0"
212.83.188.138 - - [10/Aug/2021:04:30:42 +0500] "POST /xmlrpc.php HTTP/1.0" 403 1270 "-" "Mozilla/5.0 (X11; Ubuntu; Linux x86_64; rv:62.0) Gecko/20100101 Firefox/62.0"
157.55.39.115 - - [10/Aug/2021:04:43:51 +0500] "GET /en/contacts/ HTTP/1.0" 200 43442 "-" "Mozilla/5.0 (compatible; bingbot/2.0; +http://www.bing.com/bingbot.htm)"
157.55.39.54 - - [10/Aug/2021:04:44:08 +0500] "GET /wp-content/uploads/maxmegamenu/style_en_us.css?ver=f16eac HTTP/1.0" 200 255 "-" "Mozilla/5.0 (compatible; bingbot/2.0; +http://www.bing.com/bingbot.htm)"
157.55.39.115 - - [10/Aug/2021:04:44:13 +0500] "GET /wp-content/plugins/revslider/public/assets/js/rbtools.min.js?ver=6.0 HTTP/1.0" 200 276 "-" "Mozilla/5.0 (compatible; bingbot/2.0; +http://www.bing.com/bingbot.htm)"
40.77.167.74 - - [10/Aug/2021:04:44:18 +0500] "GET /wp-content/plugins/js_composer/assets/css/js_composer.min.css?ver=6.2.0 HTTP/1.0" 200 270 "-" "Mozilla/5.0 (compatible; bingbot/2.0; +http://www.bing.com/bingbot.htm)"
101.32.26.253 - - [10/Aug/2021:04:50:25 +0500] "GET /wp-login.php HTTP/1.0" 200 5417 "-" "Mozilla/5.0 (X11; Ubuntu; Linux x86_64; rv:62.0) Gecko/20100101 Firefox/62.0"
101.32.26.253 - - [10/Aug/2021:04:50:28 +0500] "POST /wp-login.php HTTP/1.0" 200 5824 "-" "Mozilla/5.0 (X11; Ubuntu; Linux x86_64; rv:62.0) Gecko/20100101 Firefox/62.0"
91.212.89.68 - - [10/Aug/2021:04:50:27 +0500] "POST /wp-cron.php?doing_wp_cron=1628553027.0086770057678222656250 HTTP/1.0" 200 176 "http://qttsm.uz/wp-cron.php?doing_wp_cron=1628553027.0086770057678222656250" "WordPress/5.4.1; http://qttsm.uz"
101.32.26.253 - - [10/Aug/2021:04:50:29 +0500] "POST /xmlrpc.php HTTP/1.0" 403 1270 "-" "Mozilla/5.0 (X11; Ubuntu; Linux x86_64; rv:62.0) Gecko/20100101 Firefox/62.0"
114.119.138.178 - - [10/Aug/2021:05:05:29 +0500] "GET /wp-content/uploads/2020/11/UZ-FAP-00395-1.pdf HTTP/1.0" 200 261 "-" "Mozilla/5.0 (Linux; Android 7.0;) AppleWebKit/537.36 (KHTML, like Gecko) Mobile Safari/537.36 (compatible; PetalBot;+https://webmaster.petalsearch.com/site/petalbot)"
93.174.127.18 - - [10/Aug/2021:05:10:36 +0500] "GET /wp-login.php HTTP/1.0" 200 5417 "-" "Mozilla/5.0 (X11; Ubuntu; Linux x86_64; rv:62.0) Gecko/20100101 Firefox/62.0"
93.174.127.18 - - [10/Aug/2021:05:10:38 +0500] "POST /wp-login.php HTTP/1.0" 200 5824 "-" "Mozilla/5.0 (X11; Ubuntu; Linux x86_64; rv:62.0) Gecko/20100101 Firefox/62.0"
93.174.127.18 - - [10/Aug/2021:05:10:39 +0500] "POST /xmlrpc.php HTTP/1.0" 403 1270 "-" "Mozilla/5.0 (X11; Ubuntu; Linux x86_64; rv:62.0) Gecko/20100101 Firefox/62.0"
66.249.66.153 - - [10/Aug/2021:05:24:08 +0500] "GET /%D0%BC%D1%82%D0%BF-%D1%82%D0%B0%D1%80%D0%BA%D0%B8%D0%B1%D0%B8%D0%B4%D0%B0%D0%B3%D0%B8-%D0%BE%D1%81%D0%BC%D0%B0-%D0%B2%D0%B0-%D1%82%D0%B8%D1%80%D0%BA%D0%B0%D0%BC%D0%B0-%D1%82%D0%B5%D1%85%D0%BD%D0%B8/ HTTP/1.0" 200 67974 "-" "Mozilla/5.0 (compatible; Googlebot/2.1; +http://www.google.com/bot.html)"
66.249.66.153 - - [10/Aug/2021:05:24:13 +0500] "GET /wp-content/themes/temas/js/prettyPhoto/customprettyPhoto.js?ver=5.4.1 HTTP/1.0" 404 782 "http://qttsm.uz/%D0%BC%D1%82%D0%BF-%D1%82%D0%B0%D1%80%D0%BA%D0%B8%D0%B1%D0%B8%D0%B4%D0%B0%D0%B3%D0%B8-%D0%BE%D1%81%D0%BC%D0%B0-%D0%B2%D0%B0-%D1%82%D0%B8%D1%80%D0%BA%D0%B0%D0%BC%D0%B0-%D1%82%D0%B5%D1%85%D0%BD%D0%B8/" "Mozilla/5.0 AppleWebKit/537.36 (KHTML, like Gecko; compatible; Googlebot/2.1; +http://www.google.com/bot.html) Chrome/92.0.4515.119 Safari/537.36"
66.249.66.153 - - [10/Aug/2021:05:24:15 +0500] "GET /wp-content/themes/temas/lib/js/jquery.js HTTP/1.0" 404 782 "http://qttsm.uz/%D0%BC%D1%82%D0%BF-%D1%82%D0%B0%D1%80%D0%BA%D0%B8%D0%B1%D0%B8%D0%B4%D0%B0%D0%B3%D0%B8-%D0%BE%D1%81%D0%BC%D0%B0-%D0%B2%D0%B0-%D1%82%D0%B8%D1%80%D0%BA%D0%B0%D0%BC%D0%B0-%D1%82%D0%B5%D1%85%D0%BD%D0%B8/" "Mozilla/5.0 AppleWebKit/537.36 (KHTML, like Gecko; compatible; Googlebot/2.1; +http://www.google.com/bot.html) Chrome/92.0.4515.119 Safari/537.36"
66.249.66.155 - - [10/Aug/2021:05:24:16 +0500] "GET /wp-content/plugins/revslider/public/assets/css/rs6.css?ver=6.2.2 HTTP/1.0" 200 263 "http://qttsm.uz/%D0%BC%D1%82%D0%BF-%D1%82%D0%B0%D1%80%D0%BA%D0%B8%D0%B1%D0%B8%D0%B4%D0%B0%D0%B3%D0%B8-%D0%BE%D1%81%D0%BC%D0%B0-%D0%B2%D0%B0-%D1%82%D0%B8%D1%80%D0%BA%D0%B0%D0%BC%D0%B0-%D1%82%D0%B5%D1%85%D0%BD%D0%B8/" "Mozilla/5.0 AppleWebKit/537.36 (KHTML, like Gecko; compatible; Googlebot/2.1; +http://www.google.com/bot.html) Chrome/92.0.4515.119 Safari/537.36"
66.249.66.155 - - [10/Aug/2021:05:24:17 +0500] "GET /wp-content/themes/temas/js/prettyPhoto/jquery.prettyPhoto.js?ver=5.4.1 HTTP/1.0" 404 782 "http://qttsm.uz/%D0%BC%D1%82%D0%BF-%D1%82%D0%B0%D1%80%D0%BA%D0%B8%D0%B1%D0%B8%D0%B4%D0%B0%D0%B3%D0%B8-%D0%BE%D1%81%D0%BC%D0%B0-%D0%B2%D0%B0-%D1%82%D0%B8%D1%80%D0%BA%D0%B0%D0%BC%D0%B0-%D1%82%D0%B5%D1%85%D0%BD%D0%B8/" "Mozilla/5.0 AppleWebKit/537.36 (KHTML, like Gecko; compatible; Googlebot/2.1; +http://www.google.com/bot.html) Chrome/92.0.4515.119 Safari/537.36"
66.249.66.153 - - [10/Aug/2021:05:24:18 +0500] "GET /wp-content/themes/temas/js/prettyPhoto/customprettyPhoto.js?ver=5.4.1 HTTP/1.0" 404 782 "http://qttsm.uz/%D0%BC%D1%82%D0%BF-%D1%82%D0%B0%D1%80%D0%BA%D0%B8%D0%B1%D0%B8%D0%B4%D0%B0%D0%B3%D0%B8-%D0%BE%D1%81%D0%BC%D0%B0-%D0%B2%D0%B0-%D1%82%D0%B8%D1%80%D0%BA%D0%B0%D0%BC%D0%B0-%D1%82%D0%B5%D1%85%D0%BD%D0%B8/" "Mozilla/5.0 AppleWebKit/537.36 (KHTML, like Gecko; compatible; Googlebot/2.1; +http://www.google.com/bot.html) Chrome/92.0.4515.119 Safari/537.36"
104.42.75.52 - - [10/Aug/2021:05:30:49 +0500] "GET /wp-login.php HTTP/1.0" 200 5417 "-" "Mozilla/5.0 (X11; Ubuntu; Linux x86_64; rv:62.0) Gecko/20100101 Firefox/62.0"
104.42.75.52 - - [10/Aug/2021:05:30:51 +0500] "POST /wp-login.php HTTP/1.0" 200 5824 "-" "Mozilla/5.0 (X11; Ubuntu; Linux x86_64; rv:62.0) Gecko/20100101 Firefox/62.0"
104.42.75.52 - - [10/Aug/2021:05:30:52 +0500] "POST /xmlrpc.php HTTP/1.0" 403 1270 "-" "Mozilla/5.0 (X11; Ubuntu; Linux x86_64; rv:62.0) Gecko/20100101 Firefox/62.0"
157.245.112.24 - - [10/Aug/2021:05:51:07 +0500] "POST /xmlrpc.php HTTP/1.0" 403 1270 "-" "Mozilla/5.0 (X11; Ubuntu; Linux x86_64; rv:62.0) Gecko/20100101 Firefox/62.0"
66.249.66.155 - - [10/Aug/2021:05:52:01 +0500] "GET /en/laboratory-departments/ HTTP/1.0" 200 99674 "-" "Mozilla/5.0 (compatible; Googlebot/2.1; +http://www.google.com/bot.html)"
91.212.89.68 - - [10/Aug/2021:05:52:02 +0500] "POST /wp-cron.php?doing_wp_cron=1628556722.7791509628295898437500 HTTP/1.0" 200 176 "http://qttsm.uz/wp-cron.php?doing_wp_cron=1628556722.7791509628295898437500" "WordPress/5.4.1; http://qttsm.uz"
185.191.171.9 - - [10/Aug/2021:06:08:19 +0500] "GET /robots.txt HTTP/1.0" 200 1964 "-" "Mozilla/5.0 (compatible; SemrushBot/7~bl; +http://www.semrush.com/bot.html)"
185.191.171.33 - - [10/Aug/2021:06:08:21 +0500] "GET /2021/06/17/joriy-yilning-11-iyun-kuni-ozbekiston-respublikasi-prezidentining-2021-yil-3-fevraldagi-qishloq-xojaligida-bilim-va-innovatsiyalar-tizimi-hamda-zamonaviy-xizmatlar/ HTTP/1.0" 200 52132 "-" "Mozilla/5.0 (compatible; SemrushBot/7~bl; +http://www.semrush.com/bot.html)"
157.230.5.128 - - [10/Aug/2021:06:11:24 +0500] "GET /wp-login.php HTTP/1.0" 200 5417 "-" "Mozilla/5.0 (X11; Ubuntu; Linux x86_64; rv:62.0) Gecko/20100101 Firefox/62.0"
157.230.5.128 - - [10/Aug/2021:06:11:26 +0500] "POST /wp-login.php HTTP/1.0" 200 5824 "-" "Mozilla/5.0 (X11; Ubuntu; Linux x86_64; rv:62.0) Gecko/20100101 Firefox/62.0"
157.230.5.128 - - [10/Aug/2021:06:11:27 +0500] "POST /xmlrpc.php HTTP/1.0" 403 1270 "-" "Mozilla/5.0 (X11; Ubuntu; Linux x86_64; rv:62.0) Gecko/20100101 Firefox/62.0"
114.119.138.178 - - [10/Aug/2021:06:16:53 +0500] "GET /en/history-of-the-creation-of-the-certification-orgone/ HTTP/1.0" 200 43296 "-" "Mozilla/5.0 (Linux; Android 7.0;) AppleWebKit/537.36 (KHTML, like Gecko) Mobile Safari/537.36 (compatible; PetalBot;+https://webmaster.petalsearch.com/site/petalbot)"
66.249.66.156 - - [10/Aug/2021:06:26:09 +0500] "GET /%D1%85%D0%B0%D0%BB%D2%9B%D0%B0%D1%80%D0%BE-%D1%85%D0%B0%D0%BC%D1%80%D0%BE%D1%85%D0%BB%D0%B8%D0%BA%D0%BB%D0%B0%D1%80/ HTTP/1.0" 200 45965 "-" "Mozilla/5.0 (compatible; Googlebot/2.1; +http://www.google.com/bot.html)"
66.249.66.155 - - [10/Aug/2021:06:26:18 +0500] "GET /wp-content/themes/temas/lib/js/jquery.js HTTP/1.0" 404 782 "http://qttsm.uz/%D1%85%D0%B0%D0%BB%D2%9B%D0%B0%D1%80%D0%BE-%D1%85%D0%B0%D0%BC%D1%80%D0%BE%D1%85%D0%BB%D0%B8%D0%BA%D0%BB%D0%B0%D1%80/" "Mozilla/5.0 AppleWebKit/537.36 (KHTML, like Gecko; compatible; Googlebot/2.1; +http://www.google.com/bot.html) Chrome/92.0.4515.119 Safari/537.36"
66.249.66.155 - - [10/Aug/2021:06:26:19 +0500] "GET /wp-content/themes/temas/js/prettyPhoto/customprettyPhoto.js?ver=5.4.1 HTTP/1.0" 404 782 "http://qttsm.uz/%D1%85%D0%B0%D0%BB%D2%9B%D0%B0%D1%80%D0%BE-%D1%85%D0%B0%D0%BC%D1%80%D0%BE%D1%85%D0%BB%D0%B8%D0%BA%D0%BB%D0%B0%D1%80/" "Mozilla/5.0 AppleWebKit/537.36 (KHTML, like Gecko; compatible; Googlebot/2.1; +http://www.google.com/bot.html) Chrome/92.0.4515.119 Safari/537.36"
66.249.66.153 - - [10/Aug/2021:06:26:20 +0500] "GET /wp-content/plugins/revslider/public/assets/js/rs6.min.js?ver=6.2.2 HTTP/1.0" 200 272 "http://qttsm.uz/%D1%85%D0%B0%D0%BB%D2%9B%D0%B0%D1%80%D0%BE-%D1%85%D0%B0%D0%BC%D1%80%D0%BE%D1%85%D0%BB%D0%B8%D0%BA%D0%BB%D0%B0%D1%80/" "Mozilla/5.0 AppleWebKit/537.36 (KHTML, like Gecko; compatible; Googlebot/2.1; +http://www.google.com/bot.html) Chrome/92.0.4515.119 Safari/537.36"
66.249.66.153 - - [10/Aug/2021:06:26:21 +0500] "GET /wp-content/themes/temas/js/prettyPhoto/jquery.prettyPhoto.js?ver=5.4.1 HTTP/1.0" 404 782 "http://qttsm.uz/%D1%85%D0%B0%D0%BB%D2%9B%D0%B0%D1%80%D0%BE-%D1%85%D0%B0%D0%BC%D1%80%D0%BE%D1%85%D0%BB%D0%B8%D0%BA%D0%BB%D0%B0%D1%80/" "Mozilla/5.0 AppleWebKit/537.36 (KHTML, like Gecko; compatible; Googlebot/2.1; +http://www.google.com/bot.html) Chrome/92.0.4515.119 Safari/537.36"
66.249.66.155 - - [10/Aug/2021:06:26:23 +0500] "GET /wp-content/themes/temas/js/prettyPhoto/customprettyPhoto.js?ver=5.4.1 HTTP/1.0" 404 782 "http://qttsm.uz/%D1%85%D0%B0%D0%BB%D2%9B%D0%B0%D1%80%D0%BE-%D1%85%D0%B0%D0%BC%D1%80%D0%BE%D1%85%D0%BB%D0%B8%D0%BA%D0%BB%D0%B0%D1%80/" "Mozilla/5.0 AppleWebKit/537.36 (KHTML, like Gecko; compatible; Googlebot/2.1; +http://www.google.com/bot.html) Chrome/92.0.4515.119 Safari/537.36"
178.18.135.14 - - [10/Aug/2021:06:34:08 +0500] "GET /wp-login.php HTTP/1.0" 200 5417 "-" "Mozilla/5.0 (X11; Ubuntu; Linux x86_64; rv:62.0) Gecko/20100101 Firefox/62.0"
178.18.135.14 - - [10/Aug/2021:06:34:09 +0500] "POST /wp-login.php HTTP/1.0" 200 5824 "-" "Mozilla/5.0 (X11; Ubuntu; Linux x86_64; rv:62.0) Gecko/20100101 Firefox/62.0"
178.18.135.14 - - [10/Aug/2021:06:34:10 +0500] "POST /xmlrpc.php HTTP/1.0" 403 1270 "-" "Mozilla/5.0 (X11; Ubuntu; Linux x86_64; rv:62.0) Gecko/20100101 Firefox/62.0"
157.55.39.54 - - [10/Aug/2021:04:44:09 +0500] "GET /wp-content/uploads/maxmegamenu/style_en_us.css?ver=f16eac HTTP/1.1" 200 25377 "-" "Mozilla/5.0 (compatible; bingbot/2.0; +http://www.bing.com/bingbot.htm)"
157.55.39.115 - - [10/Aug/2021:04:44:13 +0500] "GET /wp-content/plugins/revslider/public/assets/js/rbtools.min.js?ver=6.0 HTTP/1.1" 200 51496 "-" "Mozilla/5.0 (compatible; bingbot/2.0; +http://www.bing.com/bingbot.htm)"
40.77.167.74 - - [10/Aug/2021:04:44:18 +0500] "GET /wp-content/plugins/js_composer/assets/css/js_composer.min.css?ver=6.2.0 HTTP/1.1" 200 53951 "-" "Mozilla/5.0 (compatible; bingbot/2.0; +http://www.bing.com/bingbot.htm)"
114.119.138.178 - - [10/Aug/2021:05:05:30 +0500] "GET /wp-content/uploads/2020/11/UZ-FAP-00395-1.pdf HTTP/1.1" 200 383387 "-" "Mozilla/5.0 (Linux; Android 7.0;) AppleWebKit/537.36 (KHTML, like Gecko) Mobile Safari/537.36 (compatible; PetalBot;+https://webmaster.petalsearch.com/site/petalbot)"
66.249.66.155 - - [10/Aug/2021:05:24:16 +0500] "GET /wp-content/plugins/revslider/public/assets/css/rs6.css?ver=6.2.2 HTTP/1.1" 200 13829 "http://qttsm.uz/%D0%BC%D1%82%D0%BF-%D1%82%D0%B0%D1%80%D0%BA%D0%B8%D0%B1%D0%B8%D0%B4%D0%B0%D0%B3%D0%B8-%D0%BE%D1%81%D0%BC%D0%B0-%D0%B2%D0%B0-%D1%82%D0%B8%D1%80%D0%BA%D0%B0%D0%BC%D0%B0-%D1%82%D0%B5%D1%85%D0%BD%D0%B8/" "Mozilla/5.0 AppleWebKit/537.36 (KHTML, like Gecko; compatible; Googlebot/2.1; +http://www.google.com/bot.html) Chrome/92.0.4515.119 Safari/537.36"
66.249.66.153 - - [10/Aug/2021:06:26:21 +0500] "GET /wp-content/plugins/revslider/public/assets/js/rs6.min.js?ver=6.2.2 HTTP/1.1" 200 84631 "http://qttsm.uz/%D1%85%D0%B0%D0%BB%D2%9B%D0%B0%D1%80%D0%BE-%D1%85%D0%B0%D0%BC%D1%80%D0%BE%D1%85%D0%BB%D0%B8%D0%BA%D0%BB%D0%B0%D1%80/" "Mozilla/5.0 AppleWebKit/537.36 (KHTML, like Gecko; compatible; Googlebot/2.1; +http://www.google.com/bot.html) Chrome/92.0.4515.119 Safari/537.36"
114.119.138.178 - - [10/Aug/2021:07:27:25 +0500] "GET /wp-content/uploads/2020/11/6-2014-%D0%BF%D1%80%D0%BE%D1%82%D0%BE%D0%BA%D0%BE%D0%BB-PLUS-100-C.pdf HTTP/1.0" 200 281 "-" "Mozilla/5.0 (Linux; Android 7.0;) AppleWebKit/537.36 (KHTML, like Gecko) Mobile Safari/537.36 (compatible; PetalBot;+https://webmaster.petalsearch.com/site/petalbot)"
103.50.205.179 - - [10/Aug/2021:07:37:09 +0500] "GET /wp-login.php HTTP/1.0" 200 5417 "-" "Mozilla/5.0 (X11; Ubuntu; Linux x86_64; rv:62.0) Gecko/20100101 Firefox/62.0"
91.212.89.68 - - [10/Aug/2021:07:37:10 +0500] "POST /wp-cron.php?doing_wp_cron=1628563030.8953430652618408203125 HTTP/1.0" 200 176 "http://qttsm.uz/wp-cron.php?doing_wp_cron=1628563030.8953430652618408203125" "WordPress/5.4.1; http://qttsm.uz"
103.50.205.179 - - [10/Aug/2021:07:37:13 +0500] "POST /wp-login.php HTTP/1.0" 200 5824 "-" "Mozilla/5.0 (X11; Ubuntu; Linux x86_64; rv:62.0) Gecko/20100101 Firefox/62.0"
103.50.205.179 - - [10/Aug/2021:07:37:14 +0500] "POST /xmlrpc.php HTTP/1.0" 403 1270 "-" "Mozilla/5.0 (X11; Ubuntu; Linux x86_64; rv:62.0) Gecko/20100101 Firefox/62.0"
114.119.133.42 - - [10/Aug/2021:07:48:58 +0500] "GET /wp-content/uploads/2020/11/2019-COTTON-MASTER-8037.pdf HTTP/1.0" 200 270 "-" "Mozilla/5.0 (Linux; Android 7.0;) AppleWebKit/537.36 (KHTML, like Gecko) Mobile Safari/537.36 (compatible; PetalBot;+https://webmaster.petalsearch.com/site/petalbot)"
157.55.39.120 - - [10/Aug/2021:08:07:56 +0500] "GET /wp-content/uploads/2020/05/guvohnoma.jpg HTTP/1.0" 200 251 "-" "Mozilla/5.0 (compatible; bingbot/2.0; +http://www.bing.com/bingbot.htm)"
114.119.142.186 - - [10/Aug/2021:08:17:33 +0500] "GET /wp-content/uploads/2020/11/2015-%D1%82%D1%80%D0%B0%D0%BA%D1%82%D0%BE%D1%80%D0%B0-AXION-850-%D0%BA%D0%BE%D0%BF%D0%B8%D1%8F.pdf HTTP/1.0" 200 289 "-" "Mozilla/5.0 (Linux; Android 7.0;) AppleWebKit/537.36 (KHTML, like Gecko) Mobile Safari/537.36 (compatible; PetalBot;+https://webmaster.petalsearch.com/site/petalbot)"
62.171.145.57 - - [10/Aug/2021:08:18:44 +0500] "GET /wp-login.php HTTP/1.0" 200 5417 "-" "Mozilla/5.0 (X11; Ubuntu; Linux x86_64; rv:62.0) Gecko/20100101 Firefox/62.0"
62.171.145.57 - - [10/Aug/2021:08:18:47 +0500] "POST /wp-login.php HTTP/1.0" 200 5824 "-" "Mozilla/5.0 (X11; Ubuntu; Linux x86_64; rv:62.0) Gecko/20100101 Firefox/62.0"
62.171.145.57 - - [10/Aug/2021:08:18:47 +0500] "POST /xmlrpc.php HTTP/1.0" 403 1270 "-" "Mozilla/5.0 (X11; Ubuntu; Linux x86_64; rv:62.0) Gecko/20100101 Firefox/62.0"
91.212.89.68 - - [10/Aug/2021:08:18:45 +0500] "POST /wp-cron.php?doing_wp_cron=1628565525.9128749370574951171875 HTTP/1.0" 200 176 "http://qttsm.uz/wp-cron.php?doing_wp_cron=1628565525.9128749370574951171875" "WordPress/5.4.1; http://qttsm.uz"
114.119.142.186 - - [10/Aug/2021:08:28:11 +0500] "GET /2021/07/13/%d0%b4%d0%be%d1%80%d0%be%d0%b3%d0%b8%d0%b5-%d0%ba%d0%be%d0%bb%d0%bb%d0%b5%d0%b3%d0%b8-10-%d0%b8%d1%8e%d0%bb%d1%8f-1000-%d1%81%d0%be%d1%81%d1%82%d0%be%d0%b8%d1%82%d1%81%d1%8f-%d0%b1%d0%b5%d1%81%d0%bf/ HTTP/1.0" 200 48593 "-" "Mozilla/5.0 (Linux; Android 7.0;) AppleWebKit/537.36 (KHTML, like Gecko) Mobile Safari/537.36 (compatible; PetalBot;+https://webmaster.petalsearch.com/site/petalbot)"
149.28.128.44 - - [10/Aug/2021:08:39:09 +0500] "GET /wp-login.php HTTP/1.0" 200 5417 "-" "Mozilla/5.0 (X11; Ubuntu; Linux x86_64; rv:62.0) Gecko/20100101 Firefox/62.0"
149.28.128.44 - - [10/Aug/2021:08:39:11 +0500] "POST /wp-login.php HTTP/1.0" 200 5824 "-" "Mozilla/5.0 (X11; Ubuntu; Linux x86_64; rv:62.0) Gecko/20100101 Firefox/62.0"
149.28.128.44 - - [10/Aug/2021:08:39:12 +0500] "POST /xmlrpc.php HTTP/1.0" 403 1270 "-" "Mozilla/5.0 (X11; Ubuntu; Linux x86_64; rv:62.0) Gecko/20100101 Firefox/62.0"
84.54.92.92 - - [10/Aug/2021:08:50:27 +0500] "GET /wp-admin/theme-editor.php?file=style.css&theme=temas HTTP/1.0" 302 446 "-" "Mozilla/5.0 (Windows NT 10.0) AppleWebKit/537.36 (KHTML, like Gecko) Chrome/92.0.4515.131 Safari/537.36"
84.54.92.92 - - [10/Aug/2021:08:50:30 +0500] "GET /wp-login.php?redirect_to=http%3A%2F%2Fqttsm.uz%2Fwp-admin%2Ftheme-editor.php%3Ffile%3Dstyle.css%26theme%3Dtemas&reauth=1 HTTP/1.0" 200 7489 "-" "Mozilla/5.0 (Windows NT 10.0) AppleWebKit/537.36 (KHTML, like Gecko) Chrome/92.0.4515.131 Safari/537.36"
91.212.89.68 - - [10/Aug/2021:08:50:28 +0500] "POST /wp-cron.php?doing_wp_cron=1628567428.7630720138549804687500 HTTP/1.0" 200 176 "http://qttsm.uz/wp-cron.php?doing_wp_cron=1628567428.7630720138549804687500" "WordPress/5.4.1; http://qttsm.uz"
84.54.92.92 - - [10/Aug/2021:08:50:31 +0500] "GET /wp-includes/css/dashicons.min.css?ver=5.4.1 HTTP/1.0" 200 242 "http://qttsm.uz/wp-login.php?redirect_to=http%3A%2F%2Fqttsm.uz%2Fwp-admin%2Ftheme-editor.php%3Ffile%3Dstyle.css%26theme%3Dtemas&reauth=1" "Mozilla/5.0 (Windows NT 10.0) AppleWebKit/537.36 (KHTML, like Gecko) Chrome/92.0.4515.131 Safari/537.36"
84.54.92.92 - - [10/Aug/2021:08:50:31 +0500] "GET /wp-includes/css/buttons.min.css?ver=5.4.1 HTTP/1.0" 200 240 "http://qttsm.uz/wp-login.php?redirect_to=http%3A%2F%2Fqttsm.uz%2Fwp-admin%2Ftheme-editor.php%3Ffile%3Dstyle.css%26theme%3Dtemas&reauth=1" "Mozilla/5.0 (Windows NT 10.0) AppleWebKit/537.36 (KHTML, like Gecko) Chrome/92.0.4515.131 Safari/537.36"
84.54.92.92 - - [10/Aug/2021:08:50:31 +0500] "GET /wp-admin/css/forms.min.css?ver=5.4.1 HTTP/1.0" 200 235 "http://qttsm.uz/wp-login.php?redirect_to=http%3A%2F%2Fqttsm.uz%2Fwp-admin%2Ftheme-editor.php%3Ffile%3Dstyle.css%26theme%3Dtemas&reauth=1" "Mozilla/5.0 (Windows NT 10.0) AppleWebKit/537.36 (KHTML, like Gecko) Chrome/92.0.4515.131 Safari/537.36"
84.54.92.92 - - [10/Aug/2021:08:50:31 +0500] "GET /wp-admin/css/l10n.min.css?ver=5.4.1 HTTP/1.0" 200 234 "http://qttsm.uz/wp-login.php?redirect_to=http%3A%2F%2Fqttsm.uz%2Fwp-admin%2Ftheme-editor.php%3Ffile%3Dstyle.css%26theme%3Dtemas&reauth=1" "Mozilla/5.0 (Windows NT 10.0) AppleWebKit/537.36 (KHTML, like Gecko) Chrome/92.0.4515.131 Safari/537.36"
84.54.92.92 - - [10/Aug/2021:08:50:31 +0500] "GET /wp-admin/css/login.min.css?ver=5.4.1 HTTP/1.0" 200 235 "http://qttsm.uz/wp-login.php?redirect_to=http%3A%2F%2Fqttsm.uz%2Fwp-admin%2Ftheme-editor.php%3Ffile%3Dstyle.css%26theme%3Dtemas&reauth=1" "Mozilla/5.0 (Windows NT 10.0) AppleWebKit/537.36 (KHTML, like Gecko) Chrome/92.0.4515.131 Safari/537.36"
84.54.92.92 - - [10/Aug/2021:08:50:31 +0500] "GET /wp-includes/js/jquery/jquery.js?ver=1.12.4-wp HTTP/1.0" 200 247 "http://qttsm.uz/wp-login.php?redirect_to=http%3A%2F%2Fqttsm.uz%2Fwp-admin%2Ftheme-editor.php%3Ffile%3Dstyle.css%26theme%3Dtemas&reauth=1" "Mozilla/5.0 (Windows NT 10.0) AppleWebKit/537.36 (KHTML, like Gecko) Chrome/92.0.4515.131 Safari/537.36"
84.54.92.92 - - [10/Aug/2021:08:50:31 +0500] "GET /wp-includes/js/jquery/jquery-migrate.min.js?ver=1.4.1 HTTP/1.0" 200 259 "http://qttsm.uz/wp-login.php?redirect_to=http%3A%2F%2Fqttsm.uz%2Fwp-admin%2Ftheme-editor.php%3Ffile%3Dstyle.css%26theme%3Dtemas&reauth=1" "Mozilla/5.0 (Windows NT 10.0) AppleWebKit/537.36 (KHTML, like Gecko) Chrome/92.0.4515.131 Safari/537.36"
84.54.92.92 - - [10/Aug/2021:08:50:31 +0500] "GET /wp-includes/js/zxcvbn-async.min.js?ver=1.0 HTTP/1.0" 200 622 "http://qttsm.uz/wp-login.php?redirect_to=http%3A%2F%2Fqttsm.uz%2Fwp-admin%2Ftheme-editor.php%3Ffile%3Dstyle.css%26theme%3Dtemas&reauth=1" "Mozilla/5.0 (Windows NT 10.0) AppleWebKit/537.36 (KHTML, like Gecko) Chrome/92.0.4515.131 Safari/537.36"
84.54.92.92 - - [10/Aug/2021:08:50:31 +0500] "GET /wp-admin/js/password-strength-meter.min.js?ver=5.4.1 HTTP/1.0" 200 1035 "http://qttsm.uz/wp-login.php?redirect_to=http%3A%2F%2Fqttsm.uz%2Fwp-admin%2Ftheme-editor.php%3Ffile%3Dstyle.css%26theme%3Dtemas&reauth=1" "Mozilla/5.0 (Windows NT 10.0) AppleWebKit/537.36 (KHTML, like Gecko) Chrome/92.0.4515.131 Safari/537.36"
84.54.92.92 - - [10/Aug/2021:08:50:31 +0500] "GET /wp-includes/js/underscore.min.js?ver=1.8.3 HTTP/1.0" 200 248 "http://qttsm.uz/wp-login.php?redirect_to=http%3A%2F%2Fqttsm.uz%2Fwp-admin%2Ftheme-editor.php%3Ffile%3Dstyle.css%26theme%3Dtemas&reauth=1" "Mozilla/5.0 (Windows NT 10.0) AppleWebKit/537.36 (KHTML, like Gecko) Chrome/92.0.4515.131 Safari/537.36"
84.54.92.92 - - [10/Aug/2021:08:50:31 +0500] "GET /wp-includes/js/wp-util.min.js?ver=5.4.1 HTTP/1.0" 200 245 "http://qttsm.uz/wp-login.php?redirect_to=http%3A%2F%2Fqttsm.uz%2Fwp-admin%2Ftheme-editor.php%3Ffile%3Dstyle.css%26theme%3Dtemas&reauth=1" "Mozilla/5.0 (Windows NT 10.0) AppleWebKit/537.36 (KHTML, like Gecko) Chrome/92.0.4515.131 Safari/537.36"
84.54.92.92 - - [10/Aug/2021:08:50:32 +0500] "GET /wp-admin/js/user-profile.min.js?ver=5.4.1 HTTP/1.0" 200 247 "http://qttsm.uz/wp-login.php?redirect_to=http%3A%2F%2Fqttsm.uz%2Fwp-admin%2Ftheme-editor.php%3Ffile%3Dstyle.css%26theme%3Dtemas&reauth=1" "Mozilla/5.0 (Windows NT 10.0) AppleWebKit/537.36 (KHTML, like Gecko) Chrome/92.0.4515.131 Safari/537.36"
84.54.92.92 - - [10/Aug/2021:08:50:34 +0500] "GET /wp-admin/images/wordpress-logo.svg?ver=20131107 HTTP/1.0" 200 248 "http://qttsm.uz/wp-admin/css/login.min.css?ver=5.4.1" "Mozilla/5.0 (Windows NT 10.0) AppleWebKit/537.36 (KHTML, like Gecko) Chrome/92.0.4515.131 Safari/537.36"
84.54.92.92 - - [10/Aug/2021:08:50:35 +0500] "GET /wp-includes/js/zxcvbn.min.js HTTP/1.0" 200 244 "http://qttsm.uz/wp-login.php?redirect_to=http%3A%2F%2Fqttsm.uz%2Fwp-admin%2Ftheme-editor.php%3Ffile%3Dstyle.css%26theme%3Dtemas&reauth=1" "Mozilla/5.0 (Windows NT 10.0) AppleWebKit/537.36 (KHTML, like Gecko) Chrome/92.0.4515.131 Safari/537.36"
84.54.92.92 - - [10/Aug/2021:08:58:23 +0500] "POST /wp-login.php HTTP/1.0" 302 1126 "http://qttsm.uz/wp-login.php?redirect_to=http%3A%2F%2Fqttsm.uz%2Fwp-admin%2Ftheme-editor.php%3Ffile%3Dstyle.css%26theme%3Dtemas&reauth=1" "Mozilla/5.0 (Windows NT 10.0) AppleWebKit/537.36 (KHTML, like Gecko) Chrome/92.0.4515.131 Safari/537.36"
84.54.92.92 - - [10/Aug/2021:08:58:24 +0500] "GET /wp-admin/theme-editor.php?file=style.css&theme=temas HTTP/1.0" 200 246296 "http://qttsm.uz/wp-login.php?redirect_to=http%3A%2F%2Fqttsm.uz%2Fwp-admin%2Ftheme-editor.php%3Ffile%3Dstyle.css%26theme%3Dtemas&reauth=1" "Mozilla/5.0 (Windows NT 10.0) AppleWebKit/537.36 (KHTML, like Gecko) Chrome/92.0.4515.131 Safari/537.36"
84.54.92.92 - - [10/Aug/2021:08:58:26 +0500] "GET /wp-content/plugins/revslider/admin/assets/icons/material-icons.css?ver=6.2.2 HTTP/1.0" 200 1232 "http://qttsm.uz/wp-admin/theme-editor.php?file=style.css&theme=temas" "Mozilla/5.0 (Windows NT 10.0) AppleWebKit/537.36 (KHTML, like Gecko) Chrome/92.0.4515.131 Safari/537.36"
84.54.92.92 - - [10/Aug/2021:08:58:26 +0500] "GET /wp-content/plugins/revslider/admin/assets/css/basics.css?ver=6.2.2 HTTP/1.0" 200 265 "http://qttsm.uz/wp-admin/theme-editor.php?file=style.css&theme=temas" "Mozilla/5.0 (Windows NT 10.0) AppleWebKit/537.36 (KHTML, like Gecko) Chrome/92.0.4515.131 Safari/537.36"
84.54.92.92 - - [10/Aug/2021:08:58:26 +0500] "GET /wp-admin/load-styles.php?c=1&dir=ltr&load%5Bchunk_0%5D=dashicons,admin-bar,code-editor,common,forms,admin-menu,dashboard,list-tables,edit,revisions,media,themes,about,nav-menus,wp-poi&load%5Bchunk_1%5D=nter,widgets,site-icon,l10n,buttons,wp-auth-check,wp-jquery-ui-dialog,wp-color-picker,media-views&ver=5.4.1 HTTP/1.0" 200 409521 "http://qttsm.uz/wp-admin/theme-editor.php?file=style.css&theme=temas" "Mozilla/5.0 (Windows NT 10.0) AppleWebKit/537.36 (KHTML, like Gecko) Chrome/92.0.4515.131 Safari/537.36"
84.54.92.92 - - [10/Aug/2021:08:58:26 +0500] "GET /wp-content/plugins/revslider/admin/assets/css/tp-color-picker.css?ver=6.2.2 HTTP/1.0" 200 274 "http://qttsm.uz/wp-admin/theme-editor.php?file=style.css&theme=temas" "Mozilla/5.0 (Windows NT 10.0) AppleWebKit/537.36 (KHTML, like Gecko) Chrome/92.0.4515.131 Safari/537.36"
84.54.92.92 - - [10/Aug/2021:08:58:26 +0500] "GET /wp-content/plugins/revslider/admin/assets/css/select2RS.css?ver=6.2.2 HTTP/1.0" 200 268 "http://qttsm.uz/wp-admin/theme-editor.php?file=style.css&theme=temas" "Mozilla/5.0 (Windows NT 10.0) AppleWebKit/537.36 (KHTML, like Gecko) Chrome/92.0.4515.131 Safari/537.36"
84.54.92.92 - - [10/Aug/2021:08:58:26 +0500] "GET /wp-includes/js/codemirror/codemirror.min.css?ver=5.29.1-alpha-ee20357 HTTP/1.0" 200 253 "http://qttsm.uz/wp-admin/theme-editor.php?file=style.css&theme=temas" "Mozilla/5.0 (Windows NT 10.0) AppleWebKit/537.36 (KHTML, like Gecko) Chrome/92.0.4515.131 Safari/537.36"
84.54.92.92 - - [10/Aug/2021:08:58:27 +0500] "GET /wp-includes/js/mediaelement/mediaelementplayer-legacy.min.css?ver=4.2.13-9993131 HTTP/1.0" 200 270 "http://qttsm.uz/wp-admin/theme-editor.php?file=style.css&theme=temas" "Mozilla/5.0 (Windows NT 10.0) AppleWebKit/537.36 (KHTML, like Gecko) Chrome/92.0.4515.131 Safari/537.36"
84.54.92.92 - - [10/Aug/2021:08:58:27 +0500] "GET /wp-includes/js/mediaelement/wp-mediaelement.min.css?ver=5.4.1 HTTP/1.0" 200 260 "http://qttsm.uz/wp-admin/theme-editor.php?file=style.css&theme=temas" "Mozilla/5.0 (Windows NT 10.0) AppleWebKit/537.36 (KHTML, like Gecko) Chrome/92.0.4515.131 Safari/537.36"
84.54.92.92 - - [10/Aug/2021:08:58:27 +0500] "GET /wp-includes/js/imgareaselect/imgareaselect.css?ver=0.9.8 HTTP/1.0" 200 1052 "http://qttsm.uz/wp-admin/theme-editor.php?file=style.css&theme=temas" "Mozilla/5.0 (Windows NT 10.0) AppleWebKit/537.36 (KHTML, like Gecko) Chrome/92.0.4515.131 Safari/537.36"
84.54.92.92 - - [10/Aug/2021:08:58:27 +0500] "GET /wp-includes/js/thickbox/thickbox.css?ver=5.4.1 HTTP/1.0" 200 245 "http://qttsm.uz/wp-admin/theme-editor.php?file=style.css&theme=temas" "Mozilla/5.0 (Windows NT 10.0) AppleWebKit/537.36 (KHTML, like Gecko) Chrome/92.0.4515.131 Safari/537.36"
84.54.92.92 - - [10/Aug/2021:08:58:27 +0500] "GET /wp-content/themes/temas/lib/css/admin-style.css HTTP/1.0" 200 256 "http://qttsm.uz/wp-admin/theme-editor.php?file=style.css&theme=temas" "Mozilla/5.0 (Windows NT 10.0) AppleWebKit/537.36 (KHTML, like Gecko) Chrome/92.0.4515.131 Safari/537.36"
84.54.92.92 - - [10/Aug/2021:08:58:27 +0500] "GET /wp-content/plugins/polylang/css/admin.min.css?ver=2.7.2 HTTP/1.0" 200 254 "http://qttsm.uz/wp-admin/theme-editor.php?file=style.css&theme=temas" "Mozilla/5.0 (Windows NT 10.0) AppleWebKit/537.36 (KHTML, like Gecko) Chrome/92.0.4515.131 Safari/537.36"
84.54.92.92 - - [10/Aug/2021:08:58:27 +0500] "GET /wp-admin/js/code-editor.min.js?ver=5.4.1 HTTP/1.0" 200 246 "http://qttsm.uz/wp-admin/theme-editor.php?file=style.css&theme=temas" "Mozilla/5.0 (Windows NT 10.0) AppleWebKit/537.36 (KHTML, like Gecko) Chrome/92.0.4515.131 Safari/537.36"
84.54.92.92 - - [10/Aug/2021:08:58:27 +0500] "GET /wp-includes/js/wp-sanitize.min.js?ver=5.4.1 HTTP/1.0" 200 727 "http://qttsm.uz/wp-admin/theme-editor.php?file=style.css&theme=temas" "Mozilla/5.0 (Windows NT 10.0) AppleWebKit/537.36 (KHTML, like Gecko) Chrome/92.0.4515.131 Safari/537.36"
84.54.92.92 - - [10/Aug/2021:08:58:27 +0500] "GET /wp-admin/load-scripts.php?c=1&load%5Bchunk_0%5D=jquery-core,jquery-migrate,utils,wp-codemirror,underscore&ver=5.4.1 HTTP/1.0" 200 710634 "http://qttsm.uz/wp-admin/theme-editor.php?file=style.css&theme=temas" "Mozilla/5.0 (Windows NT 10.0) AppleWebKit/537.36 (KHTML, like Gecko) Chrome/92.0.4515.131 Safari/537.36"
84.54.92.92 - - [10/Aug/2021:08:58:27 +0500] "GET /wp-includes/js/jquery/ui/core.min.js?ver=1.11.4 HTTP/1.0" 200 252 "http://qttsm.uz/wp-admin/theme-editor.php?file=style.css&theme=temas" "Mozilla/5.0 (Windows NT 10.0) AppleWebKit/537.36 (KHTML, like Gecko) Chrome/92.0.4515.131 Safari/537.36"
84.54.92.92 - - [10/Aug/2021:08:58:27 +0500] "GET /wp-includes/js/dist/vendor/wp-polyfill.min.js?ver=7.4.4 HTTP/1.0" 200 261 "http://qttsm.uz/wp-admin/theme-editor.php?file=style.css&theme=temas" "Mozilla/5.0 (Windows NT 10.0) AppleWebKit/537.36 (KHTML, like Gecko) Chrome/92.0.4515.131 Safari/537.36"
84.54.92.92 - - [10/Aug/2021:08:58:27 +0500] "GET /wp-includes/js/dist/dom-ready.min.js?ver=91fc8f05178d5c6365aec778f840ae17 HTTP/1.0" 200 252 "http://qttsm.uz/wp-admin/theme-editor.php?file=style.css&theme=temas" "Mozilla/5.0 (Windows NT 10.0) AppleWebKit/537.36 (KHTML, like Gecko) Chrome/92.0.4515.131 Safari/537.36"
84.54.92.92 - - [10/Aug/2021:08:58:27 +0500] "GET /wp-includes/js/dist/a11y.min.js?ver=45f739d280d1244f6cb498ed8f1bf042 HTTP/1.0" 200 247 "http://qttsm.uz/wp-admin/theme-editor.php?file=style.css&theme=temas" "Mozilla/5.0 (Windows NT 10.0) AppleWebKit/537.36 (KHTML, like Gecko) Chrome/92.0.4515.131 Safari/537.36"
84.54.92.92 - - [10/Aug/2021:08:58:27 +0500] "GET /wp-admin/js/theme-plugin-editor.min.js?ver=5.4.1 HTTP/1.0" 200 254 "http://qttsm.uz/wp-admin/theme-editor.php?file=style.css&theme=temas" "Mozilla/5.0 (Windows NT 10.0) AppleWebKit/537.36 (KHTML, like Gecko) Chrome/92.0.4515.131 Safari/537.36"
84.54.92.92 - - [10/Aug/2021:08:58:27 +0500] "GET /wp-includes/js/plupload/moxie.min.js?ver=1.3.5 HTTP/1.0" 200 252 "http://qttsm.uz/wp-admin/theme-editor.php?file=style.css&theme=temas" "Mozilla/5.0 (Windows NT 10.0) AppleWebKit/537.36 (KHTML, like Gecko) Chrome/92.0.4515.131 Safari/537.36"
84.54.92.92 - - [10/Aug/2021:08:58:27 +0500] "GET /wp-includes/js/plupload/plupload.min.js?ver=2.1.9 HTTP/1.0" 200 255 "http://qttsm.uz/wp-admin/theme-editor.php?file=style.css&theme=temas" "Mozilla/5.0 (Windows NT 10.0) AppleWebKit/537.36 (KHTML, like Gecko) Chrome/92.0.4515.131 Safari/537.36"
84.54.92.92 - - [10/Aug/2021:08:58:27 +0500] "GET /wp-content/themes/temas/lib/js/ajaxupload.js HTTP/1.0" 200 260 "http://qttsm.uz/wp-admin/theme-editor.php?file=style.css&theme=temas" "Mozilla/5.0 (Windows NT 10.0) AppleWebKit/537.36 (KHTML, like Gecko) Chrome/92.0.4515.131 Safari/537.36"
84.54.92.92 - - [10/Aug/2021:08:58:27 +0500] "GET /wp-content/themes/temas/lib/js/common.js HTTP/1.0" 200 256 "http://qttsm.uz/wp-admin/theme-editor.php?file=style.css&theme=temas" "Mozilla/5.0 (Windows NT 10.0) AppleWebKit/537.36 (KHTML, like Gecko) Chrome/92.0.4515.131 Safari/537.36"
84.54.92.92 - - [10/Aug/2021:08:58:27 +0500] "GET /wp-content/themes/temas/lib/js/jscolor/jscolor.js HTTP/1.0" 200 265 "http://qttsm.uz/wp-admin/theme-editor.php?file=style.css&theme=temas" "Mozilla/5.0 (Windows NT 10.0) AppleWebKit/537.36 (KHTML, like Gecko) Chrome/92.0.4515.131 Safari/537.36"
84.54.92.92 - - [10/Aug/2021:08:58:30 +0500] "GET /wp-includes/js/mediaelement/mediaelement-and-player.min.js?ver=4.2.13-9993131 HTTP/1.0" 200 274 "http://qttsm.uz/wp-admin/theme-editor.php?file=style.css&theme=temas" "Mozilla/5.0 (Windows NT 10.0) AppleWebKit/537.36 (KHTML, like Gecko) Chrome/92.0.4515.131 Safari/537.36"
84.54.92.92 - - [10/Aug/2021:08:58:30 +0500] "GET /wp-admin/load-scripts.php?c=1&load%5Bchunk_0%5D=hoverIntent,common,hoverintent-js,admin-bar,svg-painter,wp-hooks,heartbeat,wp-auth-check,shortcode,backbone,wp-backbone,media-mo&load%5Bchunk_1%5D=dels,wp-plupload,jquery-ui-widget,jquery-ui-mouse,jquery-ui-sortable&ver=5.4.1 HTTP/1.0" 200 126419 "http://qttsm.uz/wp-admin/theme-editor.php?file=style.css&theme=temas" "Mozilla/5.0 (Windows NT 10.0) AppleWebKit/537.36 (KHTML, like Gecko) Chrome/92.0.4515.131 Safari/537.36"
84.54.92.92 - - [10/Aug/2021:08:58:31 +0500] "GET /wp-includes/js/mediaelement/mediaelement-migrate.min.js?ver=5.4.1 HTTP/1.0" 200 271 "http://qttsm.uz/wp-admin/theme-editor.php?file=style.css&theme=temas" "Mozilla/5.0 (Windows NT 10.0) AppleWebKit/537.36 (KHTML, like Gecko) Chrome/92.0.4515.131 Safari/537.36"
84.54.92.92 - - [10/Aug/2021:08:58:31 +0500] "GET /wp-includes/js/mediaelement/wp-mediaelement.min.js?ver=5.4.1 HTTP/1.0" 200 1176 "http://qttsm.uz/wp-admin/theme-editor.php?file=style.css&theme=temas" "Mozilla/5.0 (Windows NT 10.0) AppleWebKit/537.36 (KHTML, like Gecko) Chrome/92.0.4515.131 Safari/537.36"
84.54.92.92 - - [10/Aug/2021:08:58:31 +0500] "GET /wp-includes/js/api-request.min.js?ver=5.4.1 HTTP/1.0" 200 1074 "http://qttsm.uz/wp-admin/theme-editor.php?file=style.css&theme=temas" "Mozilla/5.0 (Windows NT 10.0) AppleWebKit/537.36 (KHTML, like Gecko) Chrome/92.0.4515.131 Safari/537.36"
84.54.92.92 - - [10/Aug/2021:08:58:31 +0500] "GET /wp-includes/js/dist/i18n.min.js?ver=cced130522e86c87a37cd7b8397b882c HTTP/1.0" 200 247 "http://qttsm.uz/wp-admin/theme-editor.php?file=style.css&theme=temas" "Mozilla/5.0 (Windows NT 10.0) AppleWebKit/537.36 (KHTML, like Gecko) Chrome/92.0.4515.131 Safari/537.36"
84.54.92.92 - - [10/Aug/2021:08:58:31 +0500] "GET /wp-includes/js/media-editor.min.js?ver=5.4.1 HTTP/1.0" 200 250 "http://qttsm.uz/wp-admin/theme-editor.php?file=style.css&theme=temas" "Mozilla/5.0 (Windows NT 10.0) AppleWebKit/537.36 (KHTML, like Gecko) Chrome/92.0.4515.131 Safari/537.36"
84.54.92.92 - - [10/Aug/2021:08:58:31 +0500] "GET /wp-includes/js/media-views.min.js?ver=5.4.1 HTTP/1.0" 200 249 "http://qttsm.uz/wp-admin/theme-editor.php?file=style.css&theme=temas" "Mozilla/5.0 (Windows NT 10.0) AppleWebKit/537.36 (KHTML, like Gecko) Chrome/92.0.4515.131 Safari/537.36"
84.54.92.92 - - [10/Aug/2021:08:58:31 +0500] "GET /wp-includes/js/media-audiovideo.min.js?ver=5.4.1 HTTP/1.0" 200 254 "http://qttsm.uz/wp-admin/theme-editor.php?file=style.css&theme=temas" "Mozilla/5.0 (Windows NT 10.0) AppleWebKit/537.36 (KHTML, like Gecko) Chrome/92.0.4515.131 Safari/537.36"
84.54.92.92 - - [10/Aug/2021:08:58:31 +0500] "GET /wp-includes/js/imgareaselect/jquery.imgareaselect.min.js?ver=5.4.1 HTTP/1.0" 200 272 "http://qttsm.uz/wp-admin/theme-editor.php?file=style.css&theme=temas" "Mozilla/5.0 (Windows NT 10.0) AppleWebKit/537.36 (KHTML, like Gecko) Chrome/92.0.4515.131 Safari/537.36"
84.54.92.92 - - [10/Aug/2021:08:58:31 +0500] "GET /wp-admin/js/image-edit.min.js?ver=5.4.1 HTTP/1.0" 200 245 "http://qttsm.uz/wp-admin/theme-editor.php?file=style.css&theme=temas" "Mozilla/5.0 (Windows NT 10.0) AppleWebKit/537.36 (KHTML, like Gecko) Chrome/92.0.4515.131 Safari/537.36"
84.54.92.92 - - [10/Aug/2021:08:58:31 +0500] "GET /wp-includes/js/mce-view.min.js?ver=5.4.1 HTTP/1.0" 200 246 "http://qttsm.uz/wp-admin/theme-editor.php?file=style.css&theme=temas" "Mozilla/5.0 (Windows NT 10.0) AppleWebKit/537.36 (KHTML, like Gecko) Chrome/92.0.4515.131 Safari/537.36"
84.54.92.92 - - [10/Aug/2021:08:58:31 +0500] "GET /wp-includes/js/jquery/ui/accordion.min.js?ver=1.11.4 HTTP/1.0" 200 257 "http://qttsm.uz/wp-admin/theme-editor.php?file=style.css&theme=temas" "Mozilla/5.0 (Windows NT 10.0) AppleWebKit/537.36 (KHTML, like Gecko) Chrome/92.0.4515.131 Safari/537.36"
84.54.92.92 - - [10/Aug/2021:08:58:31 +0500] "GET /wp-includes/js/jquery/ui/datepicker.min.js?ver=1.11.4 HTTP/1.0" 200 258 "http://qttsm.uz/wp-admin/theme-editor.php?file=style.css&theme=temas" "Mozilla/5.0 (Windows NT 10.0) AppleWebKit/537.36 (KHTML, like Gecko) Chrome/92.0.4515.131 Safari/537.36"
84.54.92.92 - - [10/Aug/2021:08:58:31 +0500] "GET /wp-includes/js/jquery/ui/resizable.min.js?ver=1.11.4 HTTP/1.0" 200 257 "http://qttsm.uz/wp-admin/theme-editor.php?file=style.css&theme=temas" "Mozilla/5.0 (Windows NT 10.0) AppleWebKit/537.36 (KHTML, like Gecko) Chrome/92.0.4515.131 Safari/537.36"
84.54.92.92 - - [10/Aug/2021:08:58:31 +0500] "GET /wp-includes/js/jquery/ui/draggable.min.js?ver=1.11.4 HTTP/1.0" 200 257 "http://qttsm.uz/wp-admin/theme-editor.php?file=style.css&theme=temas" "Mozilla/5.0 (Windows NT 10.0) AppleWebKit/537.36 (KHTML, like Gecko) Chrome/92.0.4515.131 Safari/537.36"
84.54.92.92 - - [10/Aug/2021:08:58:31 +0500] "GET /wp-includes/js/jquery/ui/button.min.js?ver=1.11.4 HTTP/1.0" 200 254 "http://qttsm.uz/wp-admin/theme-editor.php?file=style.css&theme=temas" "Mozilla/5.0 (Windows NT 10.0) AppleWebKit/537.36 (KHTML, like Gecko) Chrome/92.0.4515.131 Safari/537.36"
84.54.92.92 - - [10/Aug/2021:08:58:31 +0500] "GET /wp-includes/js/jquery/ui/position.min.js?ver=1.11.4 HTTP/1.0" 200 256 "http://qttsm.uz/wp-admin/theme-editor.php?file=style.css&theme=temas" "Mozilla/5.0 (Windows NT 10.0) AppleWebKit/537.36 (KHTML, like Gecko) Chrome/92.0.4515.131 Safari/537.36"
84.54.92.92 - - [10/Aug/2021:08:58:31 +0500] "GET /wp-includes/js/jquery/ui/dialog.min.js?ver=1.11.4 HTTP/1.0" 200 254 "http://qttsm.uz/wp-admin/theme-editor.php?file=style.css&theme=temas" "Mozilla/5.0 (Windows NT 10.0) AppleWebKit/537.36 (KHTML, like Gecko) Chrome/92.0.4515.131 Safari/537.36"
